[?25l[>4;1m[?4m[=1;1u[?u[?1049h]2;[H[2Jsuccess[?25l[?1049l[?25h[?25h[?2004h[?2004l