[?25l[?1049h[?1049l[Jsuccess[?25l[?25h[?25h[?2004h[?2004l