[?2004h[?1049h[?25l[H[2Jsuccess[24d
[?1049l[?25h[?2004l