[?25l[>4;1m[?4m[=1;1u[?u[?1049h[>4;1m[?4m[=1;1u[?u[?1049l[>4;1m[?4m[=1;1u[?u[Jsuccess[?25l[J[?25h[0 q[?25h[?2004h[?2004l