[?25l[?1049h[H[2Jsuccess[?25l[?1049l[?25h[?25h[?2004h[?2004l