[?25lsuccess[?25l[?25h[?25h[?2004h]10;?]11;?]12;?[?2004l