[?2004h]10;?]11;?]12;?[?25lsuccess
[?25h[?2004l