[?25l]11;#ffffffsuccess[?25l[?25h[?25h[?2004h[?2004l]111