[?2004h]11;#ffffff[?25lsuccess
[?25h[?2004l]111