[?2004h[?2004l[?2004h[?25lsuccess
[?25h[?2004l