[?25l[>4;1m[?4m[=1;1u[?u[H[Jsuccess]2;[?25l[J[?25h[?25h[?2004h[?2004l