[?25l[?25l[>4;1m[?4m[>1u[?u[?25hsuccess[?25h[?25l[?25h[?2004h[?2004l