[?25l[?25h[?25l[?2004h[=1;1u[?usuccess[?25l[=0;1u[J[?25h[?2004l[?25h