[?25l[?25l[?25hsuccess[?25h[?25l[?25h[?2004h[?2004l