[?25l[>4;1m[?4m[=1;1u[?u[>4;1m[?4m[=3;1u[?u]2;success[?25l[J[?25h[?25h[?2004h[?2004l