[?2004h[>4;1m[?4m[>3u[?u[?25lsuccess
[?25h[?2004l