[?2004h[?1002h[?1006h[?25lsuccess
[?25h[?2004l[?1002l[?1006l