[?2004h[?1003h[?1006h[?1003l[?1006l[?25lsuccess[?25h[?2004l
