[?25l[>4;1m[?4m[>1u[?usuccess[?25l[?25h[?25h[?2004h[?1003h[?1006h[?1003l[?1006l[?2004l