[?2004h[?1003h[?1006h[?25lsuccess
[?25h[?2004l[?1003l[?1006l