[?25l[>4;1m[?4m[>1u[?usuccess[?25l[?25h[?25h[?2004h[?1002h[?1006h[?2004l[?1002l[?1006l