[?25l[>4;1m[?4m[>1u[?usuccess[?25l[?25h[?25h[?2004h]52;c;?]52;c;c3VjY2Vzcw==[?2004l