[?25lsuccess[?25l[?25h[?25h[?2004h]52;c;?]52;c;c3VjY2Vzcw==[?2004l