[?25l[?2004hHi. This program will exit in 10 seconds. To quit sooner press any key
[70D[A[70D[2KHi. This program will exit in 9 seconds. To quit sooner press any key.
[70D[2K[?2004l[?25h[?1002l[?1003l[?1006l